// Jest Snapshot v1, https://goo.gl/fbAQLP

exports[`Header renders successfully 1`] = `
<View
  style={
    Object {
      "borderBottomColor": "#D6D7DA",
      "borderBottomWidth": 1,
      "paddingBottom": 15,
      "paddingTop": 35,
    }
  }
>
  <Text
    style={
      Object {
        "fontSize": 18,
        "fontWeight": "bold",
        "textAlign": "center",
      }
    }
  >
    Timers
  </Text>
</View>
`;
